<?xml version="1.0" encoding="UTF-8"?>
<TestRun id="b89e9ec0-1e7a-4a96-9015-ff59faf804a2" name="calsilva@NB016671E 2013-04-24 20:43:19" runUser="BRQ\calsilva" xmlns="http://microsoft.com/schemas/VisualStudio/TeamTest/2010">
  <TestSettings name="Local" id="ce4cf718-82fe-415f-9109-872cffc35081">
    <Description>These are default test settings for a local test run.</Description>
    <Deployment enabled="false" runDeploymentRoot="calsilva_NB016671E 2013-04-24 20_43_19">
      <DeploymentItem filename="C:\curso_tdd_tfs\TesteTdd\TesteTdd\bin\Debug\TesteTdd.dll" />
    </Deployment>
    <Execution>
      <TestTypeSpecific />
      <AgentRule name="Execution Agents">
      </AgentRule>
    </Execution>
  </TestSettings>
  <Times creation="2013-04-24T20:43:19.5228748-03:00" queuing="2013-04-24T20:43:19.5718776-03:00" start="2013-04-24T20:43:19.5858784-03:00" finish="2013-04-24T20:43:19.8398930-03:00" />
  <ResultSummary outcome="Completed">
    <Counters total="1" executed="1" passed="1" error="0" failed="0" timeout="0" aborted="0" inconclusive="0" passedButRunAborted="0" notRunnable="0" notExecuted="0" disconnected="0" warning="0" completed="0" inProgress="0" pending="0" />
  </ResultSummary>
  <TestDefinitions>
    <UnitTest name="SomaTest" storage="c:\curso_tdd_tfs\testetdd\calculadoratest\bin\debug\calculadoratest.dll" id="211aec58-28c6-221a-901e-671c8eb194f9">
      <Execution id="dc4ac71c-3553-4107-bca5-57b237ac79ae" />
      <TestMethod codeBase="C:/curso_tdd_tfs/TesteTdd/CalculadoraTest/bin/Debug/CalculadoraTest.DLL" adapterTypeName="Microsoft.VisualStudio.TestTools.TestTypes.Unit.UnitTestAdapter, Microsoft.VisualStudio.QualityTools.Tips.UnitTest.Adapter, Version=10.0.0.0, Culture=neutral, PublicKeyToken=b03f5f7f11d50a3a" className="CalculadoraTest.CalculadoraTest, CalculadoraTest, Version=1.0.0.0, Culture=neutral, PublicKeyToken=null" name="SomaTest" />
    </UnitTest>
  </TestDefinitions>
  <TestLists>
    <TestList name="Results Not in a List" id="8c84fa94-04c1-424b-9868-57a2d4851a1d" />
    <TestList name="All Loaded Results" id="19431567-8539-422a-85d7-44ee4e166bda" />
  </TestLists>
  <TestEntries>
    <TestEntry testId="211aec58-28c6-221a-901e-671c8eb194f9" executionId="dc4ac71c-3553-4107-bca5-57b237ac79ae" testListId="8c84fa94-04c1-424b-9868-57a2d4851a1d" />
  </TestEntries>
  <Results>
    <UnitTestResult executionId="dc4ac71c-3553-4107-bca5-57b237ac79ae" testId="211aec58-28c6-221a-901e-671c8eb194f9" testName="SomaTest" computerName="NB016671E" duration="00:00:00.0138358" startTime="2013-04-24T20:43:19.6078797-03:00" endTime="2013-04-24T20:43:19.8268922-03:00" testType="13cdc9d9-ddb5-4fa4-a97d-d965ccfc6d4b" outcome="Passed" testListId="8c84fa94-04c1-424b-9868-57a2d4851a1d" relativeResultsDirectory="dc4ac71c-3553-4107-bca5-57b237ac79ae">
    </UnitTestResult>
  </Results>
</TestRun>